exports[`Chart test Should match the snapshot 1`] = `
ShallowWrapper {
  "length": 1,
  Symbol(enzyme.__root__): [Circular],
  Symbol(enzyme.__unrendered__): <Chart
    cards={
        Array [
            Object {
              "Colorado": Object {
                "2005": 0.351,
                "2006": 0.619,
                "2007": 0.814,
              },
            },
            Object {
              "ACADEMY 20": Object {
                "2005": 0.123,
                "2006": 0.234,
                "2007": 0.345,
              },
            },
          ]
    }
    chartStatus={[Function]}
    comparisons={
        Array [
            "Colorado",
            "ACADEMY 20",
          ]
    } />,
  Symbol(enzyme.__renderer__): Object {
    "batchedUpdates": [Function],
    "getNode": [Function],
    "render": [Function],
    "simulateEvent": [Function],
    "unmount": [Function],
  },
  Symbol(enzyme.__node__): Object {
    "instance": null,
    "key": undefined,
    "nodeType": "host",
    "props": Object {
      "children": Array [
        <div
          className="chart-container">
          <div
                    className="axis">
                    <span>
                              0
                    </span>
                    <span>
                              1
                    </span>
          </div>
          <Sparklines
                    data={
                              Array [
                                        0.351,
                                        0.619,
                                        0.814,
                                      ]
                    }
                    height={50}
                    margin={2}
                    max={1}
                    min={0}
                    preserveAspectRatio="none"
                    width={100}>
                    <SparklinesLine
                              color="red"
                              onMouseMove={[Function]}
                              style={
                                        Object {
                                                  "fill": "none",
                                                }
                              } />
          </Sparklines>
          <Sparklines
                    data={
                              Array [
                                        0.123,
                                        0.234,
                                        0.345,
                                      ]
                    }
                    height={50}
                    margin={2}
                    max={1}
                    min={0}
                    preserveAspectRatio="none"
                    width={100}>
                    <SparklinesLine
                              color="blue"
                              onMouseMove={[Function]}
                              style={
                                        Object {
                                                  "fill": "none",
                                                }
                              } />
          </Sparklines>
</div>,
        <div
          className="chartNav">
          <h5>
                    Colorado
                    <div
                              className="district1key" />
          </h5>
          <h5>
                    ACADEMY 20
                    <div
                              className="district2key" />
          </h5>
          <Button
                    chartStatus={[Function]}
                    name="Close"
                    type="chart-close" />
</div>,
        <ul>
          <li
                    style={
                              Object {
                                        "width": "200px",
                                      }
                    }>
                    2005
          </li>
          <li
                    style={
                              Object {
                                        "width": "200px",
                                      }
                    }>
                    2006
          </li>
          <li
                    style={
                              Object {
                                        "width": "200px",
                                      }
                    }>
                    2007
          </li>
</ul>,
      ],
      "className": "Chart",
    },
    "ref": null,
    "rendered": Array [
      Object {
        "instance": null,
        "key": undefined,
        "nodeType": "host",
        "props": Object {
          "children": Array [
            <div
              className="axis">
              <span>
                            0
              </span>
              <span>
                            1
              </span>
</div>,
            <Sparklines
              data={
                            Array [
                                          0.351,
                                          0.619,
                                          0.814,
                                        ]
              }
              height={50}
              margin={2}
              max={1}
              min={0}
              preserveAspectRatio="none"
              width={100}>
              <SparklinesLine
                            color="red"
                            onMouseMove={[Function]}
                            style={
                                          Object {
                                                        "fill": "none",
                                                      }
                            } />
</Sparklines>,
            <Sparklines
              data={
                            Array [
                                          0.123,
                                          0.234,
                                          0.345,
                                        ]
              }
              height={50}
              margin={2}
              max={1}
              min={0}
              preserveAspectRatio="none"
              width={100}>
              <SparklinesLine
                            color="blue"
                            onMouseMove={[Function]}
                            style={
                                          Object {
                                                        "fill": "none",
                                                      }
                            } />
</Sparklines>,
          ],
          "className": "chart-container",
        },
        "ref": null,
        "rendered": Array [
          Object {
            "instance": null,
            "key": undefined,
            "nodeType": "host",
            "props": Object {
              "children": Array [
                <span>
                  0
</span>,
                <span>
                  1
</span>,
              ],
              "className": "axis",
            },
            "ref": null,
            "rendered": Array [
              Object {
                "instance": null,
                "key": undefined,
                "nodeType": "host",
                "props": Object {
                  "children": "0",
                },
                "ref": null,
                "rendered": "0",
                "type": "span",
              },
              Object {
                "instance": null,
                "key": undefined,
                "nodeType": "host",
                "props": Object {
                  "children": 1,
                },
                "ref": null,
                "rendered": 1,
                "type": "span",
              },
            ],
            "type": "div",
          },
          Object {
            "instance": null,
            "key": undefined,
            "nodeType": "class",
            "props": Object {
              "children": <SparklinesLine
                color="red"
                onMouseMove={[Function]}
                style={
                                Object {
                                                "fill": "none",
                                              }
                } />,
              "data": Array [
                0.351,
                0.619,
                0.814,
              ],
              "height": 50,
              "margin": 2,
              "max": 1,
              "min": 0,
              "preserveAspectRatio": "none",
              "width": 100,
            },
            "ref": null,
            "rendered": Object {
              "instance": null,
              "key": undefined,
              "nodeType": "class",
              "props": Object {
                "color": "red",
                "onMouseMove": [Function],
                "style": Object {
                  "fill": "none",
                },
              },
              "ref": null,
              "rendered": null,
              "type": [Function],
            },
            "type": [Function],
          },
          Object {
            "instance": null,
            "key": undefined,
            "nodeType": "class",
            "props": Object {
              "children": <SparklinesLine
                color="blue"
                onMouseMove={[Function]}
                style={
                                Object {
                                                "fill": "none",
                                              }
                } />,
              "data": Array [
                0.123,
                0.234,
                0.345,
              ],
              "height": 50,
              "margin": 2,
              "max": 1,
              "min": 0,
              "preserveAspectRatio": "none",
              "width": 100,
            },
            "ref": null,
            "rendered": Object {
              "instance": null,
              "key": undefined,
              "nodeType": "class",
              "props": Object {
                "color": "blue",
                "onMouseMove": [Function],
                "style": Object {
                  "fill": "none",
                },
              },
              "ref": null,
              "rendered": null,
              "type": [Function],
            },
            "type": [Function],
          },
        ],
        "type": "div",
      },
      Object {
        "instance": null,
        "key": undefined,
        "nodeType": "host",
        "props": Object {
          "children": Array [
            <h5>
              Colorado
              <div
                            className="district1key" />
</h5>,
            <h5>
              ACADEMY 20
              <div
                            className="district2key" />
</h5>,
            <Button
              chartStatus={[Function]}
              name="Close"
              type="chart-close" />,
          ],
          "className": "chartNav",
        },
        "ref": null,
        "rendered": Array [
          Object {
            "instance": null,
            "key": undefined,
            "nodeType": "host",
            "props": Object {
              "children": Array [
                "Colorado",
                <div
                  className="district1key" />,
              ],
            },
            "ref": null,
            "rendered": Array [
              "Colorado",
              Object {
                "instance": null,
                "key": undefined,
                "nodeType": "host",
                "props": Object {
                  "className": "district1key",
                },
                "ref": null,
                "rendered": null,
                "type": "div",
              },
            ],
            "type": "h5",
          },
          Object {
            "instance": null,
            "key": undefined,
            "nodeType": "host",
            "props": Object {
              "children": Array [
                "ACADEMY 20",
                <div
                  className="district2key" />,
              ],
            },
            "ref": null,
            "rendered": Array [
              "ACADEMY 20",
              Object {
                "instance": null,
                "key": undefined,
                "nodeType": "host",
                "props": Object {
                  "className": "district2key",
                },
                "ref": null,
                "rendered": null,
                "type": "div",
              },
            ],
            "type": "h5",
          },
          Object {
            "instance": null,
            "key": undefined,
            "nodeType": "function",
            "props": Object {
              "chartStatus": [Function],
              "name": "Close",
              "type": "chart-close",
            },
            "ref": null,
            "rendered": null,
            "type": [Function],
          },
        ],
        "type": "div",
      },
      Object {
        "instance": null,
        "key": undefined,
        "nodeType": "host",
        "props": Object {
          "children": Array [
            <li
              style={
                            Object {
                                          "width": "200px",
                                        }
              }>
              2005
</li>,
            <li
              style={
                            Object {
                                          "width": "200px",
                                        }
              }>
              2006
</li>,
            <li
              style={
                            Object {
                                          "width": "200px",
                                        }
              }>
              2007
</li>,
          ],
        },
        "ref": null,
        "rendered": Array [
          Object {
            "instance": null,
            "key": "0",
            "nodeType": "host",
            "props": Object {
              "children": "2005",
              "style": Object {
                "width": "200px",
              },
            },
            "ref": null,
            "rendered": "2005",
            "type": "li",
          },
          Object {
            "instance": null,
            "key": "1",
            "nodeType": "host",
            "props": Object {
              "children": "2006",
              "style": Object {
                "width": "200px",
              },
            },
            "ref": null,
            "rendered": "2006",
            "type": "li",
          },
          Object {
            "instance": null,
            "key": "2",
            "nodeType": "host",
            "props": Object {
              "children": "2007",
              "style": Object {
                "width": "200px",
              },
            },
            "ref": null,
            "rendered": "2007",
            "type": "li",
          },
        ],
        "type": "ul",
      },
    ],
    "type": "div",
  },
  Symbol(enzyme.__nodes__): Array [
    Object {
      "instance": null,
      "key": undefined,
      "nodeType": "host",
      "props": Object {
        "children": Array [
          <div
            className="chart-container">
            <div
                        className="axis">
                        <span>
                                    0
                        </span>
                        <span>
                                    1
                        </span>
            </div>
            <Sparklines
                        data={
                                    Array [
                                                0.351,
                                                0.619,
                                                0.814,
                                              ]
                        }
                        height={50}
                        margin={2}
                        max={1}
                        min={0}
                        preserveAspectRatio="none"
                        width={100}>
                        <SparklinesLine
                                    color="red"
                                    onMouseMove={[Function]}
                                    style={
                                                Object {
                                                            "fill": "none",
                                                          }
                                    } />
            </Sparklines>
            <Sparklines
                        data={
                                    Array [
                                                0.123,
                                                0.234,
                                                0.345,
                                              ]
                        }
                        height={50}
                        margin={2}
                        max={1}
                        min={0}
                        preserveAspectRatio="none"
                        width={100}>
                        <SparklinesLine
                                    color="blue"
                                    onMouseMove={[Function]}
                                    style={
                                                Object {
                                                            "fill": "none",
                                                          }
                                    } />
            </Sparklines>
</div>,
          <div
            className="chartNav">
            <h5>
                        Colorado
                        <div
                                    className="district1key" />
            </h5>
            <h5>
                        ACADEMY 20
                        <div
                                    className="district2key" />
            </h5>
            <Button
                        chartStatus={[Function]}
                        name="Close"
                        type="chart-close" />
</div>,
          <ul>
            <li
                        style={
                                    Object {
                                                "width": "200px",
                                              }
                        }>
                        2005
            </li>
            <li
                        style={
                                    Object {
                                                "width": "200px",
                                              }
                        }>
                        2006
            </li>
            <li
                        style={
                                    Object {
                                                "width": "200px",
                                              }
                        }>
                        2007
            </li>
</ul>,
        ],
        "className": "Chart",
      },
      "ref": null,
      "rendered": Array [
        Object {
          "instance": null,
          "key": undefined,
          "nodeType": "host",
          "props": Object {
            "children": Array [
              <div
                className="axis">
                <span>
                                0
                </span>
                <span>
                                1
                </span>
</div>,
              <Sparklines
                data={
                                Array [
                                                0.351,
                                                0.619,
                                                0.814,
                                              ]
                }
                height={50}
                margin={2}
                max={1}
                min={0}
                preserveAspectRatio="none"
                width={100}>
                <SparklinesLine
                                color="red"
                                onMouseMove={[Function]}
                                style={
                                                Object {
                                                                "fill": "none",
                                                              }
                                } />
</Sparklines>,
              <Sparklines
                data={
                                Array [
                                                0.123,
                                                0.234,
                                                0.345,
                                              ]
                }
                height={50}
                margin={2}
                max={1}
                min={0}
                preserveAspectRatio="none"
                width={100}>
                <SparklinesLine
                                color="blue"
                                onMouseMove={[Function]}
                                style={
                                                Object {
                                                                "fill": "none",
                                                              }
                                } />
</Sparklines>,
            ],
            "className": "chart-container",
          },
          "ref": null,
          "rendered": Array [
            Object {
              "instance": null,
              "key": undefined,
              "nodeType": "host",
              "props": Object {
                "children": Array [
                  <span>
                    0
</span>,
                  <span>
                    1
</span>,
                ],
                "className": "axis",
              },
              "ref": null,
              "rendered": Array [
                Object {
                  "instance": null,
                  "key": undefined,
                  "nodeType": "host",
                  "props": Object {
                    "children": "0",
                  },
                  "ref": null,
                  "rendered": "0",
                  "type": "span",
                },
                Object {
                  "instance": null,
                  "key": undefined,
                  "nodeType": "host",
                  "props": Object {
                    "children": 1,
                  },
                  "ref": null,
                  "rendered": 1,
                  "type": "span",
                },
              ],
              "type": "div",
            },
            Object {
              "instance": null,
              "key": undefined,
              "nodeType": "class",
              "props": Object {
                "children": <SparklinesLine
                  color="red"
                  onMouseMove={[Function]}
                  style={
                                    Object {
                                                      "fill": "none",
                                                    }
                  } />,
                "data": Array [
                  0.351,
                  0.619,
                  0.814,
                ],
                "height": 50,
                "margin": 2,
                "max": 1,
                "min": 0,
                "preserveAspectRatio": "none",
                "width": 100,
              },
              "ref": null,
              "rendered": Object {
                "instance": null,
                "key": undefined,
                "nodeType": "class",
                "props": Object {
                  "color": "red",
                  "onMouseMove": [Function],
                  "style": Object {
                    "fill": "none",
                  },
                },
                "ref": null,
                "rendered": null,
                "type": [Function],
              },
              "type": [Function],
            },
            Object {
              "instance": null,
              "key": undefined,
              "nodeType": "class",
              "props": Object {
                "children": <SparklinesLine
                  color="blue"
                  onMouseMove={[Function]}
                  style={
                                    Object {
                                                      "fill": "none",
                                                    }
                  } />,
                "data": Array [
                  0.123,
                  0.234,
                  0.345,
                ],
                "height": 50,
                "margin": 2,
                "max": 1,
                "min": 0,
                "preserveAspectRatio": "none",
                "width": 100,
              },
              "ref": null,
              "rendered": Object {
                "instance": null,
                "key": undefined,
                "nodeType": "class",
                "props": Object {
                  "color": "blue",
                  "onMouseMove": [Function],
                  "style": Object {
                    "fill": "none",
                  },
                },
                "ref": null,
                "rendered": null,
                "type": [Function],
              },
              "type": [Function],
            },
          ],
          "type": "div",
        },
        Object {
          "instance": null,
          "key": undefined,
          "nodeType": "host",
          "props": Object {
            "children": Array [
              <h5>
                Colorado
                <div
                                className="district1key" />
</h5>,
              <h5>
                ACADEMY 20
                <div
                                className="district2key" />
</h5>,
              <Button
                chartStatus={[Function]}
                name="Close"
                type="chart-close" />,
            ],
            "className": "chartNav",
          },
          "ref": null,
          "rendered": Array [
            Object {
              "instance": null,
              "key": undefined,
              "nodeType": "host",
              "props": Object {
                "children": Array [
                  "Colorado",
                  <div
                    className="district1key" />,
                ],
              },
              "ref": null,
              "rendered": Array [
                "Colorado",
                Object {
                  "instance": null,
                  "key": undefined,
                  "nodeType": "host",
                  "props": Object {
                    "className": "district1key",
                  },
                  "ref": null,
                  "rendered": null,
                  "type": "div",
                },
              ],
              "type": "h5",
            },
            Object {
              "instance": null,
              "key": undefined,
              "nodeType": "host",
              "props": Object {
                "children": Array [
                  "ACADEMY 20",
                  <div
                    className="district2key" />,
                ],
              },
              "ref": null,
              "rendered": Array [
                "ACADEMY 20",
                Object {
                  "instance": null,
                  "key": undefined,
                  "nodeType": "host",
                  "props": Object {
                    "className": "district2key",
                  },
                  "ref": null,
                  "rendered": null,
                  "type": "div",
                },
              ],
              "type": "h5",
            },
            Object {
              "instance": null,
              "key": undefined,
              "nodeType": "function",
              "props": Object {
                "chartStatus": [Function],
                "name": "Close",
                "type": "chart-close",
              },
              "ref": null,
              "rendered": null,
              "type": [Function],
            },
          ],
          "type": "div",
        },
        Object {
          "instance": null,
          "key": undefined,
          "nodeType": "host",
          "props": Object {
            "children": Array [
              <li
                style={
                                Object {
                                                "width": "200px",
                                              }
                }>
                2005
</li>,
              <li
                style={
                                Object {
                                                "width": "200px",
                                              }
                }>
                2006
</li>,
              <li
                style={
                                Object {
                                                "width": "200px",
                                              }
                }>
                2007
</li>,
            ],
          },
          "ref": null,
          "rendered": Array [
            Object {
              "instance": null,
              "key": "0",
              "nodeType": "host",
              "props": Object {
                "children": "2005",
                "style": Object {
                  "width": "200px",
                },
              },
              "ref": null,
              "rendered": "2005",
              "type": "li",
            },
            Object {
              "instance": null,
              "key": "1",
              "nodeType": "host",
              "props": Object {
                "children": "2006",
                "style": Object {
                  "width": "200px",
                },
              },
              "ref": null,
              "rendered": "2006",
              "type": "li",
            },
            Object {
              "instance": null,
              "key": "2",
              "nodeType": "host",
              "props": Object {
                "children": "2007",
                "style": Object {
                  "width": "200px",
                },
              },
              "ref": null,
              "rendered": "2007",
              "type": "li",
            },
          ],
          "type": "ul",
        },
      ],
      "type": "div",
    },
  ],
  Symbol(enzyme.__options__): Object {
    "adapter": ReactFifteenAdapter {
      "options": Object {
        "supportPrevContextArgumentOfComponentDidUpdate": true,
      },
    },
  },
}
`;
