exports[`ComparisonContainer test should match the ComparisonContainer snapshot 1`] = `
ShallowWrapper {
  "length": 1,
  Symbol(enzyme.__root__): [Circular],
  Symbol(enzyme.__unrendered__): <ComparisonContainer
    cards={Array []}
    comparison={
        Array [
            null,
            null,
          ]
    } />,
  Symbol(enzyme.__renderer__): Object {
    "batchedUpdates": [Function],
    "getNode": [Function],
    "render": [Function],
    "simulateEvent": [Function],
    "unmount": [Function],
  },
  Symbol(enzyme.__node__): Object {
    "instance": null,
    "key": undefined,
    "nodeType": "host",
    "props": Object {
      "children": <div
        className="cards">
        <h3>
                Currently showing: 
        </h3>
        <div
                className="instructions">
                <h5>
                        Click card to remove
                </h5>
                <h5>
                        Click graph icon
                </h5>
                <h5>
                        Click card to remove
                </h5>
        </div>
        <Card
                data={Object {}}
                type="Card comparison" />
        <Card
                data={Object {}}
                type="Card compared" />
        <Card
                data={Object {}}
                type="Card comparison" />
</div>,
      "className": "ComparisonContainer",
    },
    "ref": null,
    "rendered": Object {
      "instance": null,
      "key": undefined,
      "nodeType": "host",
      "props": Object {
        "children": Array [
          <h3>
            Currently showing: 
</h3>,
          <div
            className="instructions">
            <h5>
                        Click card to remove
            </h5>
            <h5>
                        Click graph icon
            </h5>
            <h5>
                        Click card to remove
            </h5>
</div>,
          null,
          <Card
            data={Object {}}
            type="Card comparison" />,
          null,
          <Card
            data={Object {}}
            type="Card compared" />,
          null,
          <Card
            data={Object {}}
            type="Card comparison" />,
        ],
        "className": "cards",
      },
      "ref": null,
      "rendered": Array [
        Object {
          "instance": null,
          "key": undefined,
          "nodeType": "host",
          "props": Object {
            "children": Array [
              "Currently showing: ",
              undefined,
            ],
          },
          "ref": null,
          "rendered": Array [
            "Currently showing: ",
            undefined,
          ],
          "type": "h3",
        },
        Object {
          "instance": null,
          "key": undefined,
          "nodeType": "host",
          "props": Object {
            "children": Array [
              <h5>
                Click card to remove
</h5>,
              <h5>
                Click graph icon
</h5>,
              <h5>
                Click card to remove
</h5>,
            ],
            "className": "instructions",
          },
          "ref": null,
          "rendered": Array [
            Object {
              "instance": null,
              "key": undefined,
              "nodeType": "host",
              "props": Object {
                "children": "Click card to remove",
              },
              "ref": null,
              "rendered": "Click card to remove",
              "type": "h5",
            },
            Object {
              "instance": null,
              "key": undefined,
              "nodeType": "host",
              "props": Object {
                "children": "Click graph icon",
              },
              "ref": null,
              "rendered": "Click graph icon",
              "type": "h5",
            },
            Object {
              "instance": null,
              "key": undefined,
              "nodeType": "host",
              "props": Object {
                "children": "Click card to remove",
              },
              "ref": null,
              "rendered": "Click card to remove",
              "type": "h5",
            },
          ],
          "type": "div",
        },
        null,
        Object {
          "instance": null,
          "key": undefined,
          "nodeType": "function",
          "props": Object {
            "data": Object {},
            "type": "Card comparison",
          },
          "ref": null,
          "rendered": null,
          "type": [Function],
        },
        null,
        Object {
          "instance": null,
          "key": undefined,
          "nodeType": "function",
          "props": Object {
            "data": Object {},
            "type": "Card compared",
          },
          "ref": null,
          "rendered": null,
          "type": [Function],
        },
        null,
        Object {
          "instance": null,
          "key": undefined,
          "nodeType": "function",
          "props": Object {
            "data": Object {},
            "type": "Card comparison",
          },
          "ref": null,
          "rendered": null,
          "type": [Function],
        },
      ],
      "type": "div",
    },
    "type": "div",
  },
  Symbol(enzyme.__nodes__): Array [
    Object {
      "instance": null,
      "key": undefined,
      "nodeType": "host",
      "props": Object {
        "children": <div
          className="cards">
          <h3>
                    Currently showing: 
          </h3>
          <div
                    className="instructions">
                    <h5>
                              Click card to remove
                    </h5>
                    <h5>
                              Click graph icon
                    </h5>
                    <h5>
                              Click card to remove
                    </h5>
          </div>
          <Card
                    data={Object {}}
                    type="Card comparison" />
          <Card
                    data={Object {}}
                    type="Card compared" />
          <Card
                    data={Object {}}
                    type="Card comparison" />
</div>,
        "className": "ComparisonContainer",
      },
      "ref": null,
      "rendered": Object {
        "instance": null,
        "key": undefined,
        "nodeType": "host",
        "props": Object {
          "children": Array [
            <h3>
              Currently showing: 
</h3>,
            <div
              className="instructions">
              <h5>
                            Click card to remove
              </h5>
              <h5>
                            Click graph icon
              </h5>
              <h5>
                            Click card to remove
              </h5>
</div>,
            null,
            <Card
              data={Object {}}
              type="Card comparison" />,
            null,
            <Card
              data={Object {}}
              type="Card compared" />,
            null,
            <Card
              data={Object {}}
              type="Card comparison" />,
          ],
          "className": "cards",
        },
        "ref": null,
        "rendered": Array [
          Object {
            "instance": null,
            "key": undefined,
            "nodeType": "host",
            "props": Object {
              "children": Array [
                "Currently showing: ",
                undefined,
              ],
            },
            "ref": null,
            "rendered": Array [
              "Currently showing: ",
              undefined,
            ],
            "type": "h3",
          },
          Object {
            "instance": null,
            "key": undefined,
            "nodeType": "host",
            "props": Object {
              "children": Array [
                <h5>
                  Click card to remove
</h5>,
                <h5>
                  Click graph icon
</h5>,
                <h5>
                  Click card to remove
</h5>,
              ],
              "className": "instructions",
            },
            "ref": null,
            "rendered": Array [
              Object {
                "instance": null,
                "key": undefined,
                "nodeType": "host",
                "props": Object {
                  "children": "Click card to remove",
                },
                "ref": null,
                "rendered": "Click card to remove",
                "type": "h5",
              },
              Object {
                "instance": null,
                "key": undefined,
                "nodeType": "host",
                "props": Object {
                  "children": "Click graph icon",
                },
                "ref": null,
                "rendered": "Click graph icon",
                "type": "h5",
              },
              Object {
                "instance": null,
                "key": undefined,
                "nodeType": "host",
                "props": Object {
                  "children": "Click card to remove",
                },
                "ref": null,
                "rendered": "Click card to remove",
                "type": "h5",
              },
            ],
            "type": "div",
          },
          null,
          Object {
            "instance": null,
            "key": undefined,
            "nodeType": "function",
            "props": Object {
              "data": Object {},
              "type": "Card comparison",
            },
            "ref": null,
            "rendered": null,
            "type": [Function],
          },
          null,
          Object {
            "instance": null,
            "key": undefined,
            "nodeType": "function",
            "props": Object {
              "data": Object {},
              "type": "Card compared",
            },
            "ref": null,
            "rendered": null,
            "type": [Function],
          },
          null,
          Object {
            "instance": null,
            "key": undefined,
            "nodeType": "function",
            "props": Object {
              "data": Object {},
              "type": "Card comparison",
            },
            "ref": null,
            "rendered": null,
            "type": [Function],
          },
        ],
        "type": "div",
      },
      "type": "div",
    },
  ],
  Symbol(enzyme.__options__): Object {
    "adapter": ReactFifteenAdapter {
      "options": Object {
        "supportPrevContextArgumentOfComponentDidUpdate": true,
      },
    },
  },
}
`;
